// Jest Snapshot v1, https://goo.gl/fbAQLP

exports[`Snapshot the check for the Error page should match the snapshot 1`] = `
<div
  id="error"
  style={
    Object {
      "textAlign": "center",
    }
  }
>
  <h1>
    Error
  </h1>
  <h3 />
  <button
    className="home"
    onClick={[Function]}
  >
    Home
  </button>
</div>
`;
